======================================================================================================================
SIH26082 STAGE 2 - COUPLED ENSEMBLE TRAINING
======================================================================================================================
scipy available for NNLS simplex: True
rows               : 263040
static features    : 76
train/val/test     : 175440 / 43440 / 44160
climatology tables : fitted on TRAIN rows only (288 driver cells)
  PM2.5 h=1   R2=0.9634  RMSE= 21.335  d=0.9906  skill=+0.178  (85.5s)
  PM2.5 h=3   R2=0.8741  RMSE= 39.580  d=0.9654  skill=+0.454  (47.1s)
  PM2.5 h=6   R2=0.7999  RMSE= 49.907  d=0.9412  skill=+0.581  (35.5s)
  PM2.5 h=12  R2=0.7300  RMSE= 57.991  d=0.9139  skill=+0.594  (27.1s)
  PM2.5 h=24  R2=0.7492  RMSE= 55.925  d=0.9211  skill=+0.278  (22.8s)
  PM2.5 h=48  R2=0.6676  RMSE= 64.454  d=0.8846  skill=+0.329  (21.1s)
  PM2.5 h=72  R2=0.6426  RMSE= 66.902  d=0.8661  skill=+0.331  (20.6s)
  O3    h=1   R2=0.9201  RMSE= 10.162  d=0.9806  skill=+0.567  (66.8s)
  O3    h=3   R2=0.8257  RMSE= 15.006  d=0.9517  skill=+0.811  (40.9s)
  O3    h=6   R2=0.7600  RMSE= 17.616  d=0.9289  skill=+0.879  (38.3s)
  O3    h=12  R2=0.7520  RMSE= 17.907  d=0.9262  skill=+0.893  (26.9s)
  O3    h=24  R2=0.7557  RMSE= 17.788  d=0.9275  skill=+0.150  (23.1s)
  O3    h=48  R2=0.6978  RMSE= 19.823  d=0.9036  skill=+0.089  (22.4s)
  O3    h=72  R2=0.6621  RMSE= 21.002  d=0.8862  skill=+0.152  (22.4s)
  NO2   h=1   R2=0.9378  RMSE=  9.335  d=0.9842  skill=+0.379  (108.5s)
  NO2   h=3   R2=0.8533  RMSE= 14.337  d=0.9615  skill=+0.614  (104.0s)
  NO2   h=6   R2=0.8010  RMSE= 16.699  d=0.9451  skill=+0.688  (54.4s)
  NO2   h=12  R2=0.7835  RMSE= 17.422  d=0.9378  skill=+0.689  (22.2s)
  NO2   h=24  R2=0.7629  RMSE= 18.245  d=0.9314  skill=+0.150  (17.7s)
  NO2   h=48  R2=0.7002  RMSE= 20.539  d=0.9053  skill=+0.157  (17.4s)
  NO2   h=72  R2=0.6603  RMSE= 21.881  d=0.8777  skill=+0.138  (12.3s)

======================================================================================================================
HELD-OUT TEST PERFORMANCE  (test window 2025-07-01 .. 2025-12-31, pure NaN targets)
======================================================================================================================
POL       h        n        R2     RMSE      MAE         d   SMAPE%     skill pers_RMSE      dR2
----------------------------------------------------------------------------------------------------------------------
PM2.5     1    40000    0.9634   21.335   12.545    0.9906    15.55    0.1781    23.534      n/a
PM2.5     3    39983    0.8741   39.580   23.835    0.9654    26.50    0.4541    53.571      n/a
PM2.5     6    39953    0.7999   49.907   30.352    0.9412    31.88    0.5805    77.057      n/a
PM2.5    12    39895    0.7300   57.991   35.441    0.9139    35.82    0.5941    91.018      n/a
PM2.5    24    39775    0.7492   55.925   34.199    0.9211    34.90    0.2782    65.828      n/a
PM2.5    48    39550    0.6676   64.454   38.941    0.8846    37.95    0.3288    78.670      n/a
PM2.5    72    39324    0.6426   66.902   40.835    0.8661    40.29    0.3315    81.825      n/a
----------------------------------------------------------------------------------------------------------------------
O3        1    40896    0.9201   10.162    5.334    0.9806    23.51    0.5665    15.434  +0.0512
O3        3    40877    0.8257   15.006    9.591    0.9517    42.61    0.8110    34.516  +0.0147
O3        6    40848    0.7600   17.616   12.210    0.9289    53.20    0.8791    50.654  -0.0240
O3       12    40788    0.7520   17.907   12.433    0.9262    54.24    0.8934    54.837  -0.0160
O3       24    40685    0.7557   17.788   12.423    0.9275    54.50    0.1496    19.290  -0.0002
O3       48    40463    0.6978   19.823   14.364    0.9036    60.03    0.0892    20.770  +0.0003
O3       72    40244    0.6621   21.002   15.387    0.8862    62.69    0.1522    22.810      n/a
----------------------------------------------------------------------------------------------------------------------
NO2       1    42172    0.9378    9.335    5.734    0.9842    14.49    0.3794    11.850  +0.0187
NO2       3    42152    0.8533   14.337    9.221    0.9615    21.97    0.6142    23.081  -0.0007
NO2       6    42122    0.8010   16.699   11.029    0.9451    25.72    0.6877    29.884  -0.0115
NO2      12    42062    0.7835   17.422   11.479    0.9378    26.91    0.6887    31.227  -0.0055
NO2      24    41948    0.7629   18.245   11.977    0.9314    27.89    0.1500    19.790  -0.0033
NO2      48    41717    0.7002   20.539   13.784    0.9053    31.67    0.1568    22.368  -0.0153
NO2      72    41486    0.6603   21.881   15.057    0.8777    34.30    0.1384    23.573      n/a
----------------------------------------------------------------------------------------------------------------------

NNLS simplex weights and validation-fitted calibration (test never used)
----------------------------------------------------------------------------------------------------------------------
POL       h     w_L1  w_Huber     w_L2  bias_a   bias_b   cal_gain
PM2.5     1    0.252    0.512    0.236   1.019    0.132     0.1028
PM2.5     3    0.555    0.343    0.102   1.040    0.172     0.3461
PM2.5     6    0.611    0.069    0.320   1.035    1.698     0.4014
PM2.5    12    0.455    0.000    0.545   1.014    4.177     0.4051
PM2.5    24    0.254    0.478    0.268   1.060    0.835     1.0432
PM2.5    48    0.523    0.439    0.038   1.074   -0.715     1.6409
PM2.5    72    0.652    0.348    0.000   1.002    4.697     0.6857
O3        1    1.000    0.000    0.000   1.132   -1.318    -0.3341
O3        3    1.000    0.000    0.000   1.148    2.937     0.5304
O3        6    1.000    0.000    0.000   1.119    6.264     0.1864
O3       12    0.289    0.711    0.000   1.140    6.358     0.2145
O3       24    0.738    0.262    0.000   1.102    7.004    -0.1004
O3       48    1.000    0.000    0.000   1.098    8.905    -0.0368
O3       72    1.000    0.000    0.000   1.112    9.590     0.2993
NO2       1    0.068    0.603    0.329   1.042   -0.920     0.0114
NO2       3    0.299    0.510    0.191   1.082   -1.424    -0.0418
NO2       6    0.481    0.235    0.284   1.084   -0.306     0.1031
NO2      12    0.498    0.492    0.010   1.052    1.008     0.0636
NO2      24    0.652    0.348    0.000   1.069    0.565     0.0610
NO2      48    1.000    0.000    0.000   1.005    3.610     0.1411
NO2      72    1.000    0.000    0.000   1.032    3.656     0.6878

HEAD-TO-HEAD vs CERTIFIED LEGACY v1.0.0 (same held-out window)
----------------------------------------------------------------------------------------------------------------------
POL       h  legacy_R2 coupled_R2      delta
O3        1     0.8689     0.9201    +0.0512
O3        3     0.8110     0.8257    +0.0147
O3        6     0.7840     0.7600    -0.0240
O3       12     0.7680     0.7520    -0.0160
O3       24     0.7559     0.7557    -0.0002
O3       48     0.6975     0.6978    +0.0003
NO2       1     0.9191     0.9378    +0.0187
NO2       3     0.8540     0.8533    -0.0007
NO2       6     0.8125     0.8010    -0.0115
NO2      12     0.7890     0.7835    -0.0055
NO2      24     0.7662     0.7629    -0.0033
NO2      48     0.7155     0.7002    -0.0153

wrote C:\Users\saisu\OneDrive\Desktop\082_SIH_POLUTION_INTIAL\SIH_OLD_PS\SIH_26_AIR_O2\MODEL CODE\09_SIH26082_COUPLED\artifacts\metrics_by_horizon.json

TOTAL TIME 837.7s
